
[1;33m=====================================================================================[0m

Selenium 2.0/webdriver protocol bindings implementation with helper commands in nodejs by Camilo Tapia.
For a complete list of commands, visit [1;32mhttp://code.google.com/p/selenium/wiki/JsonWireProtocol[0m. 
Not all commands are implemented yet. visit [1;32mhttps://github.com/Camme/webdriverjs[0m for more info on webdriverjs. 

[1;33m=====================================================================================[0m


[1madd_test.js[22m
[1;30m[22:12:32]: [0m [0;35mCOMMAND	[0mPOST 	 "/wd/hub/session"
[1;30m[22:12:32]: [0m [0;33mDATA		 [0m{"desiredCapabilities":{"browserName":"chrome","version":"","javascriptEnabled":true,"platform":"ANY"},"sessionId":null}
[1;30m[22:12:34]: [0m SET SESSION ID  	 "eaa30911-91bf-432a-84d2-8de8136a1877"
[1;30m[22:12:34]: [0m [0;35mCOMMAND	[0mPOST 	 "/wd/hub/session/eaa30911-91bf-432a-84d2-8de8136a1877/url"
[1;30m[22:12:34]: [0m [0;33mDATA		 [0m{"url":"http://localhost:5984/light/_design/light-app/_rewrite/spots/add"}
addPage
that
{ chain: true,
  sessionId: 'eaa30911-91bf-432a-84d2-8de8136a1877',
  queuedPaused: false,
  logLevel: 'verbose',
  screenshotPath: '',
  desiredCapabilities: 
   { browserName: 'chrome',
     version: '',
     javascriptEnabled: true,
     platform: 'ANY' },
  protocol: { direct: {} },
  commands: { direct: {} },
  tests: 
   { direct: {},
     cssPropertyEquals: [Function],
     titleEquals: [Function],
     visible: [Function] },
  assert: { direct: {}, textContains: [Function] },
  direct: 
   { back: [Function],
     buttonDown: [Function],
     buttonUp: [Function],
     doDoubleClick: [Function],
     element: [Function],
     elementIdAttribute: [Function],
     elementIdClear: [Function],
     elementIdClick: [Function],
     elementIdCssProperty: [Function],
     elementIdDisplayed: [Function],
     elementIdElement: [Function],
     elementIdKeys: [Function],
     elementIdLocation: [Function],
     elementIdLocationInView: [Function],
     elementIdName: [Function],
     elementIdSelected: [Function],
     elementIdSize: [Function],
     elementIdText: [Function],
     elementIdValue: [Function],
     elements: [Function],
     execute: [Function],
     forward: [Function],
     frame: [Function],
     init: [Function],
     moveTo: [Function],
     refresh: [Function],
     screenshot: [Function],
     session: [Function],
     source: [Function],
     status: [Function],
     submit: [Function],
     title: [Function],
     url: [Function],
     value: [Function],
     window: [Function],
     windowHandles: [Function] },
  custom: {},
  addCommand: [Function],
  currentQueueItem: 
   { children: [],
     commandName: 'addSpotInModal',
     method: [Function],
     arguments: [ [Function] ],
     scope: [Circular],
     currentChildIndex: 0,
     isDone: false,
     parent: 
      { children: [Object],
        commandName: 'init',
        method: [Function],
        arguments: [Object],
        scope: [Circular],
        currentChildIndex: 1,
        isDone: false,
        parent: [Object] } },
  back: [Function],
  buttonDown: [Function],
  buttonUp: [Function],
  doDoubleClick: [Function],
  element: [Function],
  elementIdAttribute: [Function],
  elementIdClear: [Function],
  elementIdClick: [Function],
  elementIdCssProperty: [Function],
  elementIdDisplayed: [Function],
  elementIdElement: [Function],
  elementIdKeys: [Function],
  elementIdLocation: [Function],
  elementIdLocationInView: [Function],
  elementIdName: [Function],
  elementIdSelected: [Function],
  elementIdSize: [Function],
  elementIdText: [Function],
  elementIdValue: [Function],
  elements: [Function],
  execute: [Function],
  forward: [Function],
  frame: [Function],
  init: [Function],
  moveTo: [Function],
  refresh: [Function],
  screenshot: [Function],
  session: [Function],
  source: [Function],
  status: [Function],
  submit: [Function],
  title: [Function],
  url: [Function],
  value: [Function],
  window: [Function],
  windowHandles: [Function],
  buttonClick: [Function],
  clearElement: [Function],
  click: [Function],
  doubleClick: [Function],
  dragAndDrop: [Function],
  end: [Function],
  facebookLogin: [Function],
  getAttribute: [Function],
  getCssProperty: [Function],
  getElementCssProperty: [Function],
  getElementSize: [Function],
  getLocation: [Function],
  getLocationInView: [Function],
  getSize: [Function],
  getSource: [Function],
  getTagName: [Function],
  getText: [Function],
  getTitle: [Function],
  getValue: [Function],
  isSelected: [Function],
  isVisible: [Function],
  lazySetValue: [Function],
  moveToObject: [Function],
  pause: [Function],
  saveScreenshot: [Function],
  sendKeys: [Function],
  setValue: [Function],
  submitForm: [Function],
  waitFor: [Function],
  createOptions: [Function],
  setScreenshotPath: [Function],
  addSpotInModal: [Function] }
test_var
undefined
